mac setup verified
